callgrind::bench_clone_group::bench_clone with_prefixes:...
  Baselines:                        1b245c1|d4aa0e3
  Instructions:                    20947665|20942984             (+0.02235%) [+1.00022x]
  L1 Hits:                         27193767|27189109             (+0.01713%) [+1.00017x]
  LL Hits:                            52192|52166                (+0.04984%) [+1.00050x]
  RAM Hits:                           52757|52760                (-0.00569%) [-1.00006x]
  Total read+write:                27298716|27294035             (+0.01715%) [+1.00017x]
  Estimated Cycles:                29301222|29296539             (+0.01598%) [+1.00016x]
callgrind::bench_clone_group::bench_clone dictionary:...
  Baselines:                        1b245c1|d4aa0e3
  Instructions:                    23946084|23944204             (+0.00785%) [+1.00008x]
  L1 Hits:                         31389816|31387954             (+0.00593%) [+1.00006x]
  LL Hits:                            61938|61921                (+0.02745%) [+1.00027x]
  RAM Hits:                           60786|60785                (+0.00165%) [+1.00002x]
  Total read+write:                31512540|31510660             (+0.00597%) [+1.00006x]
  Estimated Cycles:                33827016|33825034             (+0.00586%) [+1.00006x]
callgrind::bench_lookup_group::bench_lookup_single first_key:...
  Baselines:                        1b245c1|d4aa0e3
  Instructions:                         157|158                  (-0.63291%) [-1.00637x]
  L1 Hits:                              170|173                  (-1.73410%) [-1.01765x]
  LL Hits:                                5|5                    (No change)
  RAM Hits:                              17|15                   (+13.3333%) [+1.13333x]
  Total read+write:                     192|193                  (-0.51813%) [-1.00521x]
  Estimated Cycles:                     790|723                  (+9.26694%) [+1.09267x]
callgrind::bench_lookup_group::bench_lookup_single last_key:...
  Baselines:                        1b245c1|d4aa0e3
  Instructions:                         219|219                  (No change)
  L1 Hits:                              245|247                  (-0.80972%) [-1.00816x]
  LL Hits:                                0|0                    (No change)
  RAM Hits:                              20|18                   (+11.1111%) [+1.11111x]
  Total read+write:                     265|265                  (No change)
  Estimated Cycles:                     945|877                  (+7.75371%) [+1.07754x]
callgrind::bench_lookup_group::bench_lookup_multiple dictionary:...
  Baselines:                        1b245c1|d4aa0e3
  Instructions:                      404059|405895               (-0.45233%) [-1.00454x]
  L1 Hits:                           477320|479144               (-0.38068%) [-1.00382x]
  LL Hits:                              598|612                  (-2.28758%) [-1.02341x]
  RAM Hits:                              36|34                   (+5.88235%) [+1.05882x]
  Total read+write:                  477954|479790               (-0.38267%) [-1.00384x]
  Estimated Cycles:                  481570|483394               (-0.37733%) [-1.00379x]
callgrind::bench_remove_group::bench_remove_single first_key:...
  Baselines:                        1b245c1|d4aa0e3
  Instructions:                         552|552                  (No change)
  L1 Hits:                              703|703                  (No change)
  LL Hits:                                9|9                    (No change)
  RAM Hits:                              38|38                   (No change)
  Total read+write:                     750|750                  (No change)
  Estimated Cycles:                    2078|2078                 (No change)
callgrind::bench_remove_group::bench_remove_single last_key:...
  Baselines:                        1b245c1|d4aa0e3
  Instructions:                         548|548                  (No change)
  L1 Hits:                              683|686                  (-0.43732%) [-1.00439x]
  LL Hits:                                1|1                    (No change)
  RAM Hits:                              43|40                   (+7.50000%) [+1.07500x]
  Total read+write:                     727|727                  (No change)
  Estimated Cycles:                    2193|2091                 (+4.87805%) [+1.04878x]
callgrind::bench_remove_group::bench_remove_multiple dictionary:...
  Baselines:                        1b245c1|d4aa0e3
  Instructions:                      450814|449224               (+0.35394%) [+1.00354x]
  L1 Hits:                           577602|576015               (+0.27551%) [+1.00276x]
  LL Hits:                             1111|1112                 (-0.08993%) [-1.00090x]
  RAM Hits:                             200|196                  (+2.04082%) [+1.02041x]
  Total read+write:                  578913|577323               (+0.27541%) [+1.00275x]
  Estimated Cycles:                  590157|588435               (+0.29264%) [+1.00293x]
callgrind::bench_insert_group::bench_insert_single first_key:...
  Baselines:                        1b245c1|d4aa0e3
  Instructions:                         860|868                  (-0.92166%) [-1.00930x]
  L1 Hits:                             1178|1191                 (-1.09152%) [-1.01104x]
  LL Hits:                                8|10                   (-20.0000%) [-1.25000x]
  RAM Hits:                               8|7                    (+14.2857%) [+1.14286x]
  Total read+write:                    1194|1208                 (-1.15894%) [-1.01173x]
  Estimated Cycles:                    1498|1486                 (+0.80754%) [+1.00808x]
callgrind::bench_insert_group::bench_insert_single last_key:...
  Baselines:                        1b245c1|d4aa0e3
  Instructions:                         945|944                  (+0.10593%) [+1.00106x]
  L1 Hits:                             1281|1290                 (-0.69767%) [-1.00703x]
  LL Hits:                                8|9                    (-11.1111%) [-1.12500x]
  RAM Hits:                              15|3                    (+400.000%) [+5.00000x]
  Total read+write:                    1304|1302                 (+0.15361%) [+1.00154x]
  Estimated Cycles:                    1846|1440                 (+28.1944%) [+1.28194x]
callgrind::bench_insert_group::bench_insert_multiple dictionary:...
  Baselines:                        1b245c1|d4aa0e3
  Instructions:                          22|22                   (No change)
  L1 Hits:                               43|43                   (No change)
  LL Hits:                                0|0                    (No change)
  RAM Hits:                               2|2                    (No change)
  Total read+write:                      45|45                   (No change)
  Estimated Cycles:                     113|113                  (No change)
callgrind::bench_insert_group::bench_bulk_insert dictionary:...
  Baselines:                        1b245c1|d4aa0e3
  Instructions:                    34628406|34802563             (-0.50041%) [-1.00503x]
  L1 Hits:                         46394695|46648834             (-0.54479%) [-1.00548x]
  LL Hits:                           127287|127284               (+0.00236%) [+1.00002x]
  RAM Hits:                            1286|1291                 (-0.38730%) [-1.00389x]
  Total read+write:                46523268|46777409             (-0.54330%) [-1.00546x]
  Estimated Cycles:                47076140|47330439             (-0.53728%) [-1.00540x]
callgrind::bench_insert_group::bench_bulk_insert dense_fixed_length:...
  Baselines:                        1b245c1|d4aa0e3
  Instructions:                    52685370|52719539             (-0.06481%) [-1.00065x]
  L1 Hits:                         68918868|68890069             (+0.04180%) [+1.00042x]
  LL Hits:                            66227|66234                (-0.01057%) [-1.00011x]
  RAM Hits:                             162|159                  (+1.88679%) [+1.01887x]
  Total read+write:                68985257|68956462             (+0.04176%) [+1.00042x]
  Estimated Cycles:                69255673|69226804             (+0.04170%) [+1.00042x]
callgrind::bench_insert_group::bench_bulk_insert sparse_fixed_length:...
  Baselines:                        1b245c1|d4aa0e3
  Instructions:                    67546493|68242732             (-1.02024%) [-1.01031x]
  L1 Hits:                         90946085|91860112             (-0.99502%) [-1.01005x]
  LL Hits:                           204906|204685               (+0.10797%) [+1.00108x]
  RAM Hits:                           25348|25348                (No change)
  Total read+write:                91176339|92090145             (-0.99230%) [-1.01002x]
  Estimated Cycles:                92857795|93770717             (-0.97357%) [-1.00983x]
callgrind::bench_insert_group::bench_bulk_insert skewed:...
  Baselines:                        1b245c1|d4aa0e3
  Instructions:                   251115537|251140045            (-0.00976%) [-1.00010x]
  L1 Hits:                        324350722|324391565            (-0.01259%) [-1.00013x]
  LL Hits:                             6043|6070                 (-0.44481%) [-1.00447x]
  RAM Hits:                          548697|548700               (-0.00055%) [-1.00001x]
  Total read+write:               324905462|324946335            (-0.01258%) [-1.00013x]
  Estimated Cycles:               343585332|343626415            (-0.01196%) [-1.00012x]
callgrind::bench_insert_group::bench_bulk_insert with_prefixes:...
  Baselines:                        1b245c1|d4aa0e3
  Instructions:                    40057103|40232572             (-0.43614%) [-1.00438x]
  L1 Hits:                         53410635|53612371             (-0.37629%) [-1.00378x]
  LL Hits:                           102770|102794               (-0.02335%) [-1.00023x]
  RAM Hits:                            1283|1288                 (-0.38820%) [-1.00390x]
  Total read+write:                53514688|53716453             (-0.37561%) [-1.00377x]
  Estimated Cycles:                53969390|54171421             (-0.37295%) [-1.00374x]
callgrind::bench_insert_group::bench_from_iter dictionary:...
  Baselines:                        1b245c1|d4aa0e3
  Instructions:                    34628406|34802563             (-0.50041%) [-1.00503x]
  L1 Hits:                         46394694|46648834             (-0.54479%) [-1.00548x]
  LL Hits:                           127287|127284               (+0.00236%) [+1.00002x]
  RAM Hits:                            1287|1291                 (-0.30984%) [-1.00311x]
  Total read+write:                46523268|46777409             (-0.54330%) [-1.00546x]
  Estimated Cycles:                47076174|47330439             (-0.53721%) [-1.00540x]
callgrind::bench_insert_group::bench_from_iter dense_fixed_length:...
  Baselines:                        1b245c1|d4aa0e3
  Instructions:                    52685372|52719541             (-0.06481%) [-1.00065x]
  L1 Hits:                         68918870|68890074             (+0.04180%) [+1.00042x]
  LL Hits:                            66227|66232                (-0.00755%) [-1.00008x]
  RAM Hits:                             162|158                  (+2.53165%) [+1.02532x]
  Total read+write:                68985259|68956464             (+0.04176%) [+1.00042x]
  Estimated Cycles:                69255675|69226764             (+0.04176%) [+1.00042x]
callgrind::bench_insert_group::bench_from_iter sparse_fixed_length:...
  Baselines:                        1b245c1|d4aa0e3
  Instructions:                    67546493|68242732             (-1.02024%) [-1.01031x]
  L1 Hits:                         90946086|91860112             (-0.99502%) [-1.01005x]
  LL Hits:                           204906|204686               (+0.10748%) [+1.00107x]
  RAM Hits:                           25347|25347                (No change)
  Total read+write:                91176339|92090145             (-0.99230%) [-1.01002x]
  Estimated Cycles:                92857761|93770687             (-0.97357%) [-1.00983x]
callgrind::bench_insert_group::bench_from_iter skewed:...
  Baselines:                        1b245c1|d4aa0e3
  Instructions:                   251115537|251140045            (-0.00976%) [-1.00010x]
  L1 Hits:                        324350723|324391565            (-0.01259%) [-1.00013x]
  LL Hits:                             6043|6070                 (-0.44481%) [-1.00447x]
  RAM Hits:                          548696|548700               (-0.00073%) [-1.00001x]
  Total read+write:               324905462|324946335            (-0.01258%) [-1.00013x]
  Estimated Cycles:               343585298|343626415            (-0.01197%) [-1.00012x]
callgrind::bench_insert_group::bench_from_iter with_prefixes:...
  Baselines:                        1b245c1|d4aa0e3
  Instructions:                    40057103|40232572             (-0.43614%) [-1.00438x]
  L1 Hits:                         53410636|53612374             (-0.37629%) [-1.00378x]
  LL Hits:                           102769|102793               (-0.02335%) [-1.00023x]
  RAM Hits:                            1283|1286                 (-0.23328%) [-1.00234x]
  Total read+write:                53514688|53716453             (-0.37561%) [-1.00377x]
  Estimated Cycles:                53969386|54171349             (-0.37282%) [-1.00374x]
callgrind::bench_iterator_group::bench_full_iterator dictionary:...
  Baselines:                        1b245c1|d4aa0e3
  Instructions:                      163847|163847               (No change)
  L1 Hits:                           163852|163852               (No change)
  LL Hits:                            32768|32768                (No change)
  RAM Hits:                               2|2                    (No change)
  Total read+write:                  196622|196622               (No change)
  Estimated Cycles:                  327762|327762               (No change)
callgrind::bench_iterator_group::bench_prefix_iterator empty:...
  Baselines:                        1b245c1|d4aa0e3
  Instructions:                      163954|163955               (-0.00061%) [-1.00001x]
  L1 Hits:                           163994|163994               (No change)
  LL Hits:                            32770|32770                (No change)
  RAM Hits:                              11|12                   (-8.33333%) [-1.09091x]
  Total read+write:                  196775|196776               (-0.00051%) [-1.00001x]
  Estimated Cycles:                  328229|328264               (-0.01066%) [-1.00011x]
callgrind::bench_iterator_group::bench_prefix_iterator specific_key:...
  Baselines:                        1b245c1|d4aa0e3
  Instructions:                         299|300                  (-0.33333%) [-1.00334x]
  L1 Hits:                              365|367                  (-0.54496%) [-1.00548x]
  LL Hits:                                0|0                    (No change)
  RAM Hits:                              21|20                   (+5.00000%) [+1.05000x]
  Total read+write:                     386|387                  (-0.25840%) [-1.00259x]
  Estimated Cycles:                    1100|1067                 (+3.09278%) [+1.03093x]
callgrind::bench_iterator_group::bench_prefix_iterator random_partial:...
  Baselines:                        1b245c1|d4aa0e3
  Instructions:                         211|211                  (No change)
  L1 Hits:                              245|246                  (-0.40650%) [-1.00408x]
  LL Hits:                               13|13                   (No change)
  RAM Hits:                              15|14                   (+7.14286%) [+1.07143x]
  Total read+write:                     273|273                  (No change)
  Estimated Cycles:                     835|801                  (+4.24469%) [+1.04245x]
callgrind::bench_iterator_group::bench_fuzzy_iterator zero:...
  Baselines:                        1b245c1|d4aa0e3
  Instructions:                        4790|4790                 (No change)
  L1 Hits:                             6308|6307                 (+0.01586%) [+1.00016x]
  LL Hits:                                4|4                    (No change)
  RAM Hits:                              36|37                   (-2.70270%) [-1.02778x]
  Total read+write:                    6348|6348                 (No change)
  Estimated Cycles:                    7588|7622                 (-0.44608%) [-1.00448x]
callgrind::bench_iterator_group::bench_fuzzy_iterator specific_key:...
  Baselines:                        1b245c1|d4aa0e3
  Instructions:                    27895384|27894166             (+0.00437%) [+1.00004x]
  L1 Hits:                         36998299|36996711             (+0.00429%) [+1.00004x]
  LL Hits:                            60693|60833                (-0.23014%) [-1.00231x]
  RAM Hits:                             249|247                  (+0.80972%) [+1.00810x]
  Total read+write:                37059241|37057791             (+0.00391%) [+1.00004x]
  Estimated Cycles:                37310479|37309521             (+0.00257%) [+1.00003x]
callgrind::bench_iterator_group::bench_range_iterator full:...
  Baselines:                        1b245c1|d4aa0e3
  Instructions:                      163964|163964               (No change)
  L1 Hits:                           164023|164025               (-0.00122%) [-1.00001x]
  LL Hits:                            32769|32769                (No change)
  RAM Hits:                              11|9                    (+22.2222%) [+1.22222x]
  Total read+write:                  196803|196803               (No change)
  Estimated Cycles:                  328253|328185               (+0.02072%) [+1.00021x]
callgrind::bench_iterator_group::bench_range_iterator specific_key:...
  Baselines:                        1b245c1|d4aa0e3
  Instructions:                         878|882                  (-0.45351%) [-1.00456x]
  L1 Hits:                             1085|1092                 (-0.64103%) [-1.00645x]
  LL Hits:                               21|21                   (No change)
  RAM Hits:                              28|25                   (+12.0000%) [+1.12000x]
  Total read+write:                    1134|1138                 (-0.35149%) [-1.00353x]
  Estimated Cycles:                    2170|2072                 (+4.72973%) [+1.04730x]
callgrind::bench_iterator_group::bench_range_iterator middle_third:...
  Baselines:                        1b245c1|d4aa0e3
  Instructions:                       55581|55565                (+0.02880%) [+1.00029x]
  L1 Hits:                            55793|55778                (+0.02689%) [+1.00027x]
  LL Hits:                            10950|10951                (-0.00913%) [-1.00009x]
  RAM Hits:                              33|28                   (+17.8571%) [+1.17857x]
  Total read+write:                   66776|66757                (+0.02846%) [+1.00028x]
  Estimated Cycles:                  111698|111513               (+0.16590%) [+1.00166x]
callgrind::bench_modifying_group::bench_retain all:...
  Baselines:                        1b245c1|d4aa0e3
  Instructions:                         134|134                  (No change)
  L1 Hits:                              195|196                  (-0.51020%) [-1.00513x]
  LL Hits:                                1|1                    (No change)
  RAM Hits:                              12|11                   (+9.09091%) [+1.09091x]
  Total read+write:                     208|208                  (No change)
  Estimated Cycles:                     620|586                  (+5.80205%) [+1.05802x]
callgrind::bench_modifying_group::bench_retain half:...
  Baselines:                        1b245c1|d4aa0e3
  Instructions:                     2096896|2096896              (No change)
  L1 Hits:                          2965099|2965100              (-0.00003%) [-1.00000x]
  LL Hits:                               76|76                   (No change)
  RAM Hits:                              16|15                   (+6.66667%) [+1.06667x]
  Total read+write:                 2965191|2965191              (No change)
  Estimated Cycles:                 2966039|2966005              (+0.00115%) [+1.00001x]
callgrind::bench_modifying_group::bench_retain none:...
  Baselines:                        1b245c1|d4aa0e3
  Instructions:                     4194054|4194054              (No change)
  L1 Hits:                          5865002|5865005              (-0.00005%) [-1.00000x]
  LL Hits:                              147|147                  (No change)
  RAM Hits:                              19|16                   (+18.7500%) [+1.18750x]
  Total read+write:                 5865168|5865168              (No change)
  Estimated Cycles:                 5866402|5866300              (+0.00174%) [+1.00002x]
callgrind::bench_modifying_group::bench_append no_overlap:...
  Baselines:                        1b245c1|d4aa0e3
  Instructions:                     1472786|1471279              (+0.10243%) [+1.00102x]
  L1 Hits:                          2009515|2008016              (+0.07465%) [+1.00075x]
  LL Hits:                             2179|2434                 (-10.4766%) [-1.11703x]
  RAM Hits:                             815|805                  (+1.24224%) [+1.01242x]
  Total read+write:                 2012509|2011255              (+0.06235%) [+1.00062x]
  Estimated Cycles:                 2048935|2048361              (+0.02802%) [+1.00028x]
callgrind::bench_modifying_group::bench_append overlap:...
  Baselines:                        1b245c1|d4aa0e3
  Instructions:                     1158100|1156843              (+0.10866%) [+1.00109x]
  L1 Hits:                          1615436|1613930              (+0.09331%) [+1.00093x]
  LL Hits:                             2699|2700                 (-0.03704%) [-1.00037x]
  RAM Hits:                             814|805                  (+1.11801%) [+1.01118x]
  Total read+write:                 1618949|1617435              (+0.09360%) [+1.00094x]
  Estimated Cycles:                 1657421|1655605              (+0.10969%) [+1.00110x]
callgrind::bench_modifying_group::bench_split_off dictionary:...
  Baselines:                        1b245c1|d4aa0e3
  Instructions:                         127|127                  (No change)
  L1 Hits:                              185|186                  (-0.53763%) [-1.00541x]
  LL Hits:                                7|7                    (No change)
  RAM Hits:                              11|10                   (+10.0000%) [+1.10000x]
  Total read+write:                     203|203                  (No change)
  Estimated Cycles:                     605|571                  (+5.95447%) [+1.05954x]
callgrind::bench_modifying_group::bench_split_off dense_fixed_length:...
  Baselines:                        1b245c1|d4aa0e3
  Instructions:                          97|97                   (No change)
  L1 Hits:                              147|149                  (-1.34228%) [-1.01361x]
  LL Hits:                                6|6                    (No change)
  RAM Hits:                              11|9                    (+22.2222%) [+1.22222x]
  Total read+write:                     164|164                  (No change)
  Estimated Cycles:                     562|494                  (+13.7652%) [+1.13765x]
callgrind::bench_modifying_group::bench_split_off sparse_fixed_length:...
  Baselines:                        1b245c1|d4aa0e3
  Instructions:                    55602407|56665907             (-1.87679%) [-1.01913x]
  L1 Hits:                         73118955|74323141             (-1.62020%) [-1.01647x]
  LL Hits:                               37|37                   (No change)
  RAM Hits:                           96032|96025                (+0.00729%) [+1.00007x]
  Total read+write:                73215024|74419203             (-1.61810%) [-1.01645x]
  Estimated Cycles:                76480260|77684201             (-1.54979%) [-1.01574x]
callgrind::bench_modifying_group::bench_split_off skewed:...
  Baselines:                        1b245c1|d4aa0e3
  Instructions:                         120|120                  (No change)
  L1 Hits:                              169|170                  (-0.58824%) [-1.00592x]
  LL Hits:                                3|4                    (-25.0000%) [-1.33333x]
  RAM Hits:                              22|20                   (+10.0000%) [+1.10000x]
  Total read+write:                     194|194                  (No change)
  Estimated Cycles:                     954|890                  (+7.19101%) [+1.07191x]
callgrind::bench_modifying_group::bench_split_off with_prefixes:...
  Baselines:                        1b245c1|d4aa0e3
  Instructions:                         123|123                  (No change)
  L1 Hits:                              178|182                  (-2.19780%) [-1.02247x]
  LL Hits:                                9|9                    (No change)
  RAM Hits:                              12|8                    (+50.0000%) [+1.50000x]
  Total read+write:                     199|199                  (No change)
  Estimated Cycles:                     643|507                  (+26.8245%) [+1.26824x]
callgrind::bench_modifying_group::bench_extract_if all:...
  Baselines:                        1b245c1|d4aa0e3
  Instructions:                    22653636|22750548             (-0.42598%) [-1.00428x]
  L1 Hits:                         30288270|30386519             (-0.32333%) [-1.00324x]
  LL Hits:                            62626|62686                (-0.09572%) [-1.00096x]
  RAM Hits:                             162|161                  (+0.62112%) [+1.00621x]
  Total read+write:                30351058|30449366             (-0.32286%) [-1.00324x]
  Estimated Cycles:                30607070|30705584             (-0.32083%) [-1.00322x]
callgrind::bench_modifying_group::bench_extract_if half:...
  Baselines:                        1b245c1|d4aa0e3
  Instructions:                    13104290|13148772             (-0.33830%) [-1.00339x]
  L1 Hits:                         17133236|17178110             (-0.26123%) [-1.00262x]
  LL Hits:                            60057|60448                (-0.64684%) [-1.00651x]
  RAM Hits:                             156|153                  (+1.96078%) [+1.01961x]
  Total read+write:                17193449|17238711             (-0.26256%) [-1.00263x]
  Estimated Cycles:                17438981|17485705             (-0.26721%) [-1.00268x]
callgrind::bench_modifying_group::bench_extract_if none:...
  Baselines:                        1b245c1|d4aa0e3
  Instructions:                      131218|131218               (No change)
  L1 Hits:                           131289|131291               (-0.00152%) [-1.00002x]
  LL Hits:                            32767|32767                (No change)
  RAM Hits:                              15|13                   (+15.3846%) [+1.15385x]
  Total read+write:                  164071|164071               (No change)
  Estimated Cycles:                  295649|295581               (+0.02301%) [+1.00023x]

Gungraun result: Ok. 43 without regressions; 0 regressed; 0 filtered; 43 benchmarks finished in 0.01220s
